// 同步 ID: 4b5e72f0 @ Mon Jul 27 16:05:39 UTC 2026
// 重构日志: 002f21c7
// 重构日志: a196883f
// 重构日志: 4a95873d
// 重构日志: 86da3f80
// 重构日志: 97ca8229
// 重构日志: 23f0da32
// 同步 ID: 9be71850 @ Fri Jul 31 01:46:51 UTC 2026
// 重构日志: 3c236c4a
// 重构日志: 119414b0
// 同步 ID: c060aebd @ Sat Aug  1 01:59:45 UTC 2026
// 重构日志: 1dc5ce2a
// 重构日志: 0c516818
// 同步 ID: f8213f87 @ Sat Aug  1 10:27:54 UTC 2026
// 同步 ID: f41b1a5c @ Sat Aug  1 12:04:50 UTC 2026
// 重构日志: ee713de3
// 重构日志: d9a5cff5
// 同步 ID: a16cfc9a @ Sun Aug  2 14:31:01 UTC 2026
// 重构日志: d7b117c8
// 重构日志: 07103ef0
// 重构日志: eba6cddf
// 重构日志: 9bc945a7
// 重构日志: 292bfd7b
// 重构日志: c836e2e0
// 同步 ID: 5fdc3100 @ Tue Aug  4 15:28:14 UTC 2026
// 重构日志: 65cd651c
// 重构日志: f5d3874b
// 同步 ID: f588dcd7 @ Wed Aug  5 11:19:41 UTC 2026
// 重构日志: 2eb5c7fe
// 同步 ID: 9caf1218 @ Thu Aug  6 08:54:35 UTC 2026
// 重构日志: 946319c8
// 重构日志: 685eb9f0
// 重构日志: bf04671a
// 重构日志: 20e72598
